balances before: client 68.86 ℏ, freelancer 3.01 ℏ
step 1: W1 Dashboard → + New contract → Use example SOW → Create draft …
step 1: OK in 0.4 s (sheet 30 s)
step 2: W1 Fund escrow → confirm; balance drops; funding tx on HashScan …
   balance 68.86 → 63.68 ℏ; HashScan https://hashscan.io/testnet/transaction/1790685914.402062104
step 2: OK in 12.8 s (sheet 30 s)
step 3: W2 open contract → Insert sample → good → Submit …
   criteria sub-step: Extracting criteria from the SOW…
step 3: OK in 3.8 s (sheet 15 s)
step 4: W2 narrate while the stepper runs; click 'Anchored · msgs #N–M' → HashScan …
   HashScan https://hashscan.io/testnet/transaction/0.0.10742743-1790685977-219233027
step 4: OK in 57.8 s (sheet 45 s)
step 5: W2 stepper reaches Paid; green PASS card; freelancer balance +5 ℏ …
   freelancer 3.01 → 8.01 ℏ; statuses [('EVALUATING', 0.0), ('CONFIRMING', 54.7), ('RELEASED', 67.3)]
   ✓ Funded Funded · escrow #18 ✓ Evaluating Evaluated · 53 s ✓ Anchoring Anchored · msgs #22–23 ↗ · 2 s ✓ Confirming Confirmed at 12:46:22.209 UTC · 3 s ✓ Verdict Verdict on-chain · 7 s ✓ Released Released
step 5: OK in 10.2 s (sheet 15 s)
step 6: W1 open seeded S2 → Verify this record → green MATCH …
step 6: OK in 3.5 s (sheet 30 s)
step 7: W3 \i /demo/tamper.sql …
   BEGIN
   UPDATE 1
   UPDATE 1
   COMMIT
    id | escrow_id |  status  | verdict |                          reasoning                           
   ----+-----------+----------+---------+--------------------------------------------------------------
     2 |        16 | RELEASED | pass    | All acceptance criteria are met. The FAQ is complete and acc
   (1 row)
step 7: OK in 0.5 s (sheet 20 s)
step 8: W1 refresh the contract detail → now claims PASS …
   card: PASS — 5 ℏ released | evaluation: PASS | on-chain: Held
step 8: OK in 1.6 s (sheet 10 s)
step 9: W1 refresh /verify → red TAMPERING DETECTED; diff; anchored panel still FAIL …
   changed ['reasoning', 'verdict']; anchored panel 'Verdict FAIL'; on-chain Held
step 9: OK in 2.2 s (sheet 30 s)
toasts seen on the current page of each window (earlier pages reload and lose theirs): {"W1": [], "W2": ["Submitted — evaluation started", "Record anchored on Hedera · msgs #22–23 ↗", "5 ℏ released to Youssef 0x7b8c43…35fd40"]}

| # | Step | Sheet | Actual |
| --- | --- | --- | --- |
| 1 | W1 Dashboard → + New contract → Use example SOW → Create draft | 30 s | 0.4 s |
| 2 | W1 Fund escrow → confirm; balance drops; funding tx on HashScan | 30 s | 12.8 s |
| 3 | W2 open contract → Insert sample → good → Submit | 15 s | 3.8 s |
| 4 | W2 narrate while the stepper runs; click 'Anchored · msgs #N–M' → HashScan | 45 s | 57.8 s |
| 5 | W2 stepper reaches Paid; green PASS card; freelancer balance +5 ℏ | 15 s | 10.2 s |
| 6 | W1 open seeded S2 → Verify this record → green MATCH | 30 s | 3.5 s |
| 7 | W3 \i /demo/tamper.sql | 20 s | 0.5 s |
| 8 | W1 refresh the contract detail → now claims PASS | 10 s | 1.6 s |
| 9 | W1 refresh /verify → red TAMPERING DETECTED; diff; anchored panel still FAIL | 30 s | 2.2 s |
| | **Total (steps 1–9)** | 225 s | 92.8 s |
{"contract_id": 4, "rows": [{"step": 1, "what": "W1 Dashboard \u2192 + New contract \u2192 Use example SOW \u2192 Create draft", "actual_s": 0.4, "sheet_s": 30, "ok": true}, {"step": 2, "what": "W1 Fund escrow \u2192 confirm; balance drops; funding tx on HashScan", "actual_s": 12.8, "sheet_s": 30, "ok": true}, {"step": 3, "what": "W2 open contract \u2192 Insert sample \u2192 good \u2192 Submit", "actual_s": 3.8, "sheet_s": 15, "ok": true}, {"step": 4, "what": "W2 narrate while the stepper runs; click 'Anchored \u00b7 msgs #N\u2013M' \u2192 HashScan", "actual_s": 57.8, "sheet_s": 45, "ok": true}, {"step": 5, "what": "W2 stepper reaches Paid; green PASS card; freelancer balance +5 \u210f", "actual_s": 10.2, "sheet_s": 15, "ok": true}, {"step": 6, "what": "W1 open seeded S2 \u2192 Verify this record \u2192 green MATCH", "actual_s": 3.5, "sheet_s": 30, "ok": true}, {"step": 7, "what": "W3 \\i /demo/tamper.sql", "actual_s": 0.5, "sheet_s": 20, "ok": true}, {"step": 8, "what": "W1 refresh the contract detail \u2192 now claims PASS", "actual_s": 1.6, "sheet_s": 10, "ok": true}, {"step": 9, "what": "W1 refresh /verify \u2192 red TAMPERING DETECTED; diff; anchored panel still FAIL", "actual_s": 2.2, "sheet_s": 30, "ok": true}], "total_s": 92.8, "wall_s": 98.0}
exit=0
